Archive member included to satisfy reference by file (symbol)

d:/new folder (3)/7.0/toolchain/avr8/avr8-gnu-toolchain/bin/../lib/gcc/avr/5.4.0/../../../../avr/lib/avr5\libm.a(divsf3.o)
                              APP/main.o (__divsf3)
d:/new folder (3)/7.0/toolchain/avr8/avr8-gnu-toolchain/bin/../lib/gcc/avr/5.4.0/../../../../avr/lib/avr5\libm.a(divsf3x.o)
                              d:/new folder (3)/7.0/toolchain/avr8/avr8-gnu-toolchain/bin/../lib/gcc/avr/5.4.0/../../../../avr/lib/avr5\libm.a(divsf3.o) (__divsf3x)
d:/new folder (3)/7.0/toolchain/avr8/avr8-gnu-toolchain/bin/../lib/gcc/avr/5.4.0/../../../../avr/lib/avr5\libm.a(fixunssfsi.o)
                              APP/main.o (__fixunssfsi)
d:/new folder (3)/7.0/toolchain/avr8/avr8-gnu-toolchain/bin/../lib/gcc/avr/5.4.0/../../../../avr/lib/avr5\libm.a(floatsisf.o)
                              APP/main.o (__floatunsisf)
d:/new folder (3)/7.0/toolchain/avr8/avr8-gnu-toolchain/bin/../lib/gcc/avr/5.4.0/../../../../avr/lib/avr5\libm.a(fp_inf.o)
                              d:/new folder (3)/7.0/toolchain/avr8/avr8-gnu-toolchain/bin/../lib/gcc/avr/5.4.0/../../../../avr/lib/avr5\libm.a(divsf3x.o) (__fp_inf)
d:/new folder (3)/7.0/toolchain/avr8/avr8-gnu-toolchain/bin/../lib/gcc/avr/5.4.0/../../../../avr/lib/avr5\libm.a(fp_nan.o)
                              d:/new folder (3)/7.0/toolchain/avr8/avr8-gnu-toolchain/bin/../lib/gcc/avr/5.4.0/../../../../avr/lib/avr5\libm.a(divsf3x.o) (__fp_nan)
d:/new folder (3)/7.0/toolchain/avr8/avr8-gnu-toolchain/bin/../lib/gcc/avr/5.4.0/../../../../avr/lib/avr5\libm.a(fp_pscA.o)
                              d:/new folder (3)/7.0/toolchain/avr8/avr8-gnu-toolchain/bin/../lib/gcc/avr/5.4.0/../../../../avr/lib/avr5\libm.a(divsf3x.o) (__fp_pscA)
d:/new folder (3)/7.0/toolchain/avr8/avr8-gnu-toolchain/bin/../lib/gcc/avr/5.4.0/../../../../avr/lib/avr5\libm.a(fp_pscB.o)
                              d:/new folder (3)/7.0/toolchain/avr8/avr8-gnu-toolchain/bin/../lib/gcc/avr/5.4.0/../../../../avr/lib/avr5\libm.a(divsf3x.o) (__fp_pscB)
d:/new folder (3)/7.0/toolchain/avr8/avr8-gnu-toolchain/bin/../lib/gcc/avr/5.4.0/../../../../avr/lib/avr5\libm.a(fp_round.o)
                              d:/new folder (3)/7.0/toolchain/avr8/avr8-gnu-toolchain/bin/../lib/gcc/avr/5.4.0/../../../../avr/lib/avr5\libm.a(divsf3.o) (__fp_round)
d:/new folder (3)/7.0/toolchain/avr8/avr8-gnu-toolchain/bin/../lib/gcc/avr/5.4.0/../../../../avr/lib/avr5\libm.a(fp_split3.o)
                              d:/new folder (3)/7.0/toolchain/avr8/avr8-gnu-toolchain/bin/../lib/gcc/avr/5.4.0/../../../../avr/lib/avr5\libm.a(divsf3x.o) (__fp_split3)
d:/new folder (3)/7.0/toolchain/avr8/avr8-gnu-toolchain/bin/../lib/gcc/avr/5.4.0/../../../../avr/lib/avr5\libm.a(fp_zero.o)
                              d:/new folder (3)/7.0/toolchain/avr8/avr8-gnu-toolchain/bin/../lib/gcc/avr/5.4.0/../../../../avr/lib/avr5\libm.a(fixunssfsi.o) (__fp_zero)
d:/new folder (3)/7.0/toolchain/avr8/avr8-gnu-toolchain/bin/../lib/gcc/avr/5.4.0/../../../../avr/lib/avr5\libm.a(mulsf3.o)
                              APP/main.o (__mulsf3)
d:/new folder (3)/7.0/toolchain/avr8/avr8-gnu-toolchain/bin/../lib/gcc/avr/5.4.0/../../../../avr/lib/avr5\libm.a(mulsf3x.o)
                              d:/new folder (3)/7.0/toolchain/avr8/avr8-gnu-toolchain/bin/../lib/gcc/avr/5.4.0/../../../../avr/lib/avr5\libm.a(mulsf3.o) (__mulsf3x)
d:/new folder (3)/7.0/toolchain/avr8/avr8-gnu-toolchain/bin/../lib/gcc/avr/5.4.0/avr5\libgcc.a(_udivmodhi4.o)
                              APP/main.o (__udivmodhi4)
d:/new folder (3)/7.0/toolchain/avr8/avr8-gnu-toolchain/bin/../lib/gcc/avr/5.4.0/avr5\libgcc.a(_udivmodsi4.o)
                              HAL/LCD/LCD_prog.o (__udivmodsi4)
d:/new folder (3)/7.0/toolchain/avr8/avr8-gnu-toolchain/bin/../lib/gcc/avr/5.4.0/avr5\libgcc.a(_exit.o)
                              D:/New folder (3)/7.0/Packs/atmel/ATmega_DFP/1.7.374/gcc/dev/atmega32/avr5/crtatmega32.o (exit)
d:/new folder (3)/7.0/toolchain/avr8/avr8-gnu-toolchain/bin/../lib/gcc/avr/5.4.0/avr5\libgcc.a(_copy_data.o)
                              APP/App.o (__do_copy_data)
d:/new folder (3)/7.0/toolchain/avr8/avr8-gnu-toolchain/bin/../lib/gcc/avr/5.4.0/avr5\libgcc.a(_clear_bss.o)
                              APP/App.o (__do_clear_bss)

Discarded input sections

 .data          0x00000000        0x0 D:/New folder (3)/7.0/Packs/atmel/ATmega_DFP/1.7.374/gcc/dev/atmega32/avr5/crtatmega32.o
 .bss           0x00000000        0x0 D:/New folder (3)/7.0/Packs/atmel/ATmega_DFP/1.7.374/gcc/dev/atmega32/avr5/crtatmega32.o
 .text          0x00000000        0x0 APP/App.o
 .data          0x00000000        0x0 APP/App.o
 .bss           0x00000000        0x0 APP/App.o
 .text          0x00000000        0x0 APP/main.o
 .data          0x00000000        0x0 APP/main.o
 .bss           0x00000000        0x0 APP/main.o
 .text          0x00000000        0x0 HAL/KPD/KPD_prog.o
 .data          0x00000000        0x0 HAL/KPD/KPD_prog.o
 .bss           0x00000000        0x0 HAL/KPD/KPD_prog.o
 .text          0x00000000        0x0 HAL/LCD/LCD_prog.o
 .data          0x00000000        0x0 HAL/LCD/LCD_prog.o
 .bss           0x00000000        0x0 HAL/LCD/LCD_prog.o
 .text.LCD_voidDrowData
                0x00000000       0x54 HAL/LCD/LCD_prog.o
 .text          0x00000000        0x0 HAL/LED/LED_prog.o
 .data          0x00000000        0x0 HAL/LED/LED_prog.o
 .bss           0x00000000        0x0 HAL/LED/LED_prog.o
 .text.LED_voidLedToggle
                0x00000000       0x1c HAL/LED/LED_prog.o
 .text          0x00000000        0x0 MCAL/ADC/ADC_prog.o
 .data          0x00000000        0x0 MCAL/ADC/ADC_prog.o
 .bss           0x00000000        0x0 MCAL/ADC/ADC_prog.o
 .text          0x00000000        0x0 MCAL/DIO/DIO_prog.o
 .data          0x00000000        0x0 MCAL/DIO/DIO_prog.o
 .bss           0x00000000        0x0 MCAL/DIO/DIO_prog.o
 .text.DIO_voidTogglePinVal
                0x00000000       0x68 MCAL/DIO/DIO_prog.o
 .text.DIO_voidSetPortVal
                0x00000000       0x20 MCAL/DIO/DIO_prog.o
 .text          0x00000000        0x0 MCAL/EXTI/EXTI_prog.o
 .data          0x00000000        0x0 MCAL/EXTI/EXTI_prog.o
 .bss           0x00000000        0x0 MCAL/EXTI/EXTI_prog.o
 .text.EXTI0_voidEnabel
                0x00000000        0x8 MCAL/EXTI/EXTI_prog.o
 .text.EXTI0_voidDisable
                0x00000000        0x8 MCAL/EXTI/EXTI_prog.o
 .text.EXTI1_voidEnabel
                0x00000000        0x8 MCAL/EXTI/EXTI_prog.o
 .text.EXTI1_voidDisable
                0x00000000        0x8 MCAL/EXTI/EXTI_prog.o
 .text.EXTI2_voidDisable
                0x00000000        0x8 MCAL/EXTI/EXTI_prog.o
 .text          0x00000000        0x0 MCAL/GI/GI_prog.o
 .data          0x00000000        0x0 MCAL/GI/GI_prog.o
 .bss           0x00000000        0x0 MCAL/GI/GI_prog.o
 .text.GI_voidDisable
                0x00000000        0x8 MCAL/GI/GI_prog.o
 .text          0x00000000        0x0 d:/new folder (3)/7.0/toolchain/avr8/avr8-gnu-toolchain/bin/../lib/gcc/avr/5.4.0/../../../../avr/lib/avr5\libm.a(divsf3.o)
 .data          0x00000000        0x0 d:/new folder (3)/7.0/toolchain/avr8/avr8-gnu-toolchain/bin/../lib/gcc/avr/5.4.0/../../../../avr/lib/avr5\libm.a(divsf3.o)
 .bss           0x00000000        0x0 d:/new folder (3)/7.0/toolchain/avr8/avr8-gnu-toolchain/bin/../lib/gcc/avr/5.4.0/../../../../avr/lib/avr5\libm.a(divsf3.o)
 .text          0x00000000        0x0 d:/new folder (3)/7.0/toolchain/avr8/avr8-gnu-toolchain/bin/../lib/gcc/avr/5.4.0/../../../../avr/lib/avr5\libm.a(divsf3x.o)
 .data          0x00000000        0x0 d:/new folder (3)/7.0/toolchain/avr8/avr8-gnu-toolchain/bin/../lib/gcc/avr/5.4.0/../../../../avr/lib/avr5\libm.a(divsf3x.o)
 .bss           0x00000000        0x0 d:/new folder (3)/7.0/toolchain/avr8/avr8-gnu-toolchain/bin/../lib/gcc/avr/5.4.0/../../../../avr/lib/avr5\libm.a(divsf3x.o)
 .text          0x00000000        0x0 d:/new folder (3)/7.0/toolchain/avr8/avr8-gnu-toolchain/bin/../lib/gcc/avr/5.4.0/../../../../avr/lib/avr5\libm.a(fixunssfsi.o)
 .data          0x00000000        0x0 d:/new folder (3)/7.0/toolchain/avr8/avr8-gnu-toolchain/bin/../lib/gcc/avr/5.4.0/../../../../avr/lib/avr5\libm.a(fixunssfsi.o)
 .bss           0x00000000        0x0 d:/new folder (3)/7.0/toolchain/avr8/avr8-gnu-toolchain/bin/../lib/gcc/avr/5.4.0/../../../../avr/lib/avr5\libm.a(fixunssfsi.o)
 .text          0x00000000        0x0 d:/new folder (3)/7.0/toolchain/avr8/avr8-gnu-toolchain/bin/../lib/gcc/avr/5.4.0/../../../../avr/lib/avr5\libm.a(floatsisf.o)
 .data          0x00000000        0x0 d:/new folder (3)/7.0/toolchain/avr8/avr8-gnu-toolchain/bin/../lib/gcc/avr/5.4.0/../../../../avr/lib/avr5\libm.a(floatsisf.o)
 .bss           0x00000000        0x0 d:/new folder (3)/7.0/toolchain/avr8/avr8-gnu-toolchain/bin/../lib/gcc/avr/5.4.0/../../../../avr/lib/avr5\libm.a(floatsisf.o)
 .text          0x00000000        0x0 d:/new folder (3)/7.0/toolchain/avr8/avr8-gnu-toolchain/bin/../lib/gcc/avr/5.4.0/../../../../avr/lib/avr5\libm.a(fp_inf.o)
 .data          0x00000000        0x0 d:/new folder (3)/7.0/toolchain/avr8/avr8-gnu-toolchain/bin/../lib/gcc/avr/5.4.0/../../../../avr/lib/avr5\libm.a(fp_inf.o)
 .bss           0x00000000        0x0 d:/new folder (3)/7.0/toolchain/avr8/avr8-gnu-toolchain/bin/../lib/gcc/avr/5.4.0/../../../../avr/lib/avr5\libm.a(fp_inf.o)
 .text          0x00000000        0x0 d:/new folder (3)/7.0/toolchain/avr8/avr8-gnu-toolchain/bin/../lib/gcc/avr/5.4.0/../../../../avr/lib/avr5\libm.a(fp_nan.o)
 .data          0x00000000        0x0 d:/new folder (3)/7.0/toolchain/avr8/avr8-gnu-toolchain/bin/../lib/gcc/avr/5.4.0/../../../../avr/lib/avr5\libm.a(fp_nan.o)
 .bss           0x00000000        0x0 d:/new folder (3)/7.0/toolchain/avr8/avr8-gnu-toolchain/bin/../lib/gcc/avr/5.4.0/../../../../avr/lib/avr5\libm.a(fp_nan.o)
 .text          0x00000000        0x0 d:/new folder (3)/7.0/toolchain/avr8/avr8-gnu-toolchain/bin/../lib/gcc/avr/5.4.0/../../../../avr/lib/avr5\libm.a(fp_pscA.o)
 .data          0x00000000        0x0 d:/new folder (3)/7.0/toolchain/avr8/avr8-gnu-toolchain/bin/../lib/gcc/avr/5.4.0/../../../../avr/lib/avr5\libm.a(fp_pscA.o)
 .bss           0x00000000        0x0 d:/new folder (3)/7.0/toolchain/avr8/avr8-gnu-toolchain/bin/../lib/gcc/avr/5.4.0/../../../../avr/lib/avr5\libm.a(fp_pscA.o)
 .text          0x00000000        0x0 d:/new folder (3)/7.0/toolchain/avr8/avr8-gnu-toolchain/bin/../lib/gcc/avr/5.4.0/../../../../avr/lib/avr5\libm.a(fp_pscB.o)
 .data          0x00000000        0x0 d:/new folder (3)/7.0/toolchain/avr8/avr8-gnu-toolchain/bin/../lib/gcc/avr/5.4.0/../../../../avr/lib/avr5\libm.a(fp_pscB.o)
 .bss           0x00000000        0x0 d:/new folder (3)/7.0/toolchain/avr8/avr8-gnu-toolchain/bin/../lib/gcc/avr/5.4.0/../../../../avr/lib/avr5\libm.a(fp_pscB.o)
 .text          0x00000000        0x0 d:/new folder (3)/7.0/toolchain/avr8/avr8-gnu-toolchain/bin/../lib/gcc/avr/5.4.0/../../../../avr/lib/avr5\libm.a(fp_round.o)
 .data          0x00000000        0x0 d:/new folder (3)/7.0/toolchain/avr8/avr8-gnu-toolchain/bin/../lib/gcc/avr/5.4.0/../../../../avr/lib/avr5\libm.a(fp_round.o)
 .bss           0x00000000        0x0 d:/new folder (3)/7.0/toolchain/avr8/avr8-gnu-toolchain/bin/../lib/gcc/avr/5.4.0/../../../../avr/lib/avr5\libm.a(fp_round.o)
 .text          0x00000000        0x0 d:/new folder (3)/7.0/toolchain/avr8/avr8-gnu-toolchain/bin/../lib/gcc/avr/5.4.0/../../../../avr/lib/avr5\libm.a(fp_split3.o)
 .data          0x00000000        0x0 d:/new folder (3)/7.0/toolchain/avr8/avr8-gnu-toolchain/bin/../lib/gcc/avr/5.4.0/../../../../avr/lib/avr5\libm.a(fp_split3.o)
 .bss           0x00000000        0x0 d:/new folder (3)/7.0/toolchain/avr8/avr8-gnu-toolchain/bin/../lib/gcc/avr/5.4.0/../../../../avr/lib/avr5\libm.a(fp_split3.o)
 .text          0x00000000        0x0 d:/new folder (3)/7.0/toolchain/avr8/avr8-gnu-toolchain/bin/../lib/gcc/avr/5.4.0/../../../../avr/lib/avr5\libm.a(fp_zero.o)
 .data          0x00000000        0x0 d:/new folder (3)/7.0/toolchain/avr8/avr8-gnu-toolchain/bin/../lib/gcc/avr/5.4.0/../../../../avr/lib/avr5\libm.a(fp_zero.o)
 .bss           0x00000000        0x0 d:/new folder (3)/7.0/toolchain/avr8/avr8-gnu-toolchain/bin/../lib/gcc/avr/5.4.0/../../../../avr/lib/avr5\libm.a(fp_zero.o)
 .text          0x00000000        0x0 d:/new folder (3)/7.0/toolchain/avr8/avr8-gnu-toolchain/bin/../lib/gcc/avr/5.4.0/../../../../avr/lib/avr5\libm.a(mulsf3.o)
 .data          0x00000000        0x0 d:/new folder (3)/7.0/toolchain/avr8/avr8-gnu-toolchain/bin/../lib/gcc/avr/5.4.0/../../../../avr/lib/avr5\libm.a(mulsf3.o)
 .bss           0x00000000        0x0 d:/new folder (3)/7.0/toolchain/avr8/avr8-gnu-toolchain/bin/../lib/gcc/avr/5.4.0/../../../../avr/lib/avr5\libm.a(mulsf3.o)
 .text          0x00000000        0x0 d:/new folder (3)/7.0/toolchain/avr8/avr8-gnu-toolchain/bin/../lib/gcc/avr/5.4.0/../../../../avr/lib/avr5\libm.a(mulsf3x.o)
 .data          0x00000000        0x0 d:/new folder (3)/7.0/toolchain/avr8/avr8-gnu-toolchain/bin/../lib/gcc/avr/5.4.0/../../../../avr/lib/avr5\libm.a(mulsf3x.o)
 .bss           0x00000000        0x0 d:/new folder (3)/7.0/toolchain/avr8/avr8-gnu-toolchain/bin/../lib/gcc/avr/5.4.0/../../../../avr/lib/avr5\libm.a(mulsf3x.o)
 .text          0x00000000        0x0 d:/new folder (3)/7.0/toolchain/avr8/avr8-gnu-toolchain/bin/../lib/gcc/avr/5.4.0/avr5\libgcc.a(_udivmodhi4.o)
 .data          0x00000000        0x0 d:/new folder (3)/7.0/toolchain/avr8/avr8-gnu-toolchain/bin/../lib/gcc/avr/5.4.0/avr5\libgcc.a(_udivmodhi4.o)
 .bss           0x00000000        0x0 d:/new folder (3)/7.0/toolchain/avr8/avr8-gnu-toolchain/bin/../lib/gcc/avr/5.4.0/avr5\libgcc.a(_udivmodhi4.o)
 .text.libgcc.mul
                0x00000000        0x0 d:/new folder (3)/7.0/toolchain/avr8/avr8-gnu-toolchain/bin/../lib/gcc/avr/5.4.0/avr5\libgcc.a(_udivmodhi4.o)
 .text.libgcc   0x00000000        0x0 d:/new folder (3)/7.0/toolchain/avr8/avr8-gnu-toolchain/bin/../lib/gcc/avr/5.4.0/avr5\libgcc.a(_udivmodhi4.o)
 .text.libgcc.prologue
                0x00000000        0x0 d:/new folder (3)/7.0/toolchain/avr8/avr8-gnu-toolchain/bin/../lib/gcc/avr/5.4.0/avr5\libgcc.a(_udivmodhi4.o)
 .text.libgcc.builtins
                0x00000000        0x0 d:/new folder (3)/7.0/toolchain/avr8/avr8-gnu-toolchain/bin/../lib/gcc/avr/5.4.0/avr5\libgcc.a(_udivmodhi4.o)
 .text.libgcc.fmul
                0x00000000        0x0 d:/new folder (3)/7.0/toolchain/avr8/avr8-gnu-toolchain/bin/../lib/gcc/avr/5.4.0/avr5\libgcc.a(_udivmodhi4.o)
 .text.libgcc.fixed
                0x00000000        0x0 d:/new folder (3)/7.0/toolchain/avr8/avr8-gnu-toolchain/bin/../lib/gcc/avr/5.4.0/avr5\libgcc.a(_udivmodhi4.o)
 .text          0x00000000        0x0 d:/new folder (3)/7.0/toolchain/avr8/avr8-gnu-toolchain/bin/../lib/gcc/avr/5.4.0/avr5\libgcc.a(_udivmodsi4.o)
 .data          0x00000000        0x0 d:/new folder (3)/7.0/toolchain/avr8/avr8-gnu-toolchain/bin/../lib/gcc/avr/5.4.0/avr5\libgcc.a(_udivmodsi4.o)
 .bss           0x00000000        0x0 d:/new folder (3)/7.0/toolchain/avr8/avr8-gnu-toolchain/bin/../lib/gcc/avr/5.4.0/avr5\libgcc.a(_udivmodsi4.o)
 .text.libgcc.mul
                0x00000000        0x0 d:/new folder (3)/7.0/toolchain/avr8/avr8-gnu-toolchain/bin/../lib/gcc/avr/5.4.0/avr5\libgcc.a(_udivmodsi4.o)
 .text.libgcc   0x00000000        0x0 d:/new folder (3)/7.0/toolchain/avr8/avr8-gnu-toolchain/bin/../lib/gcc/avr/5.4.0/avr5\libgcc.a(_udivmodsi4.o)
 .text.libgcc.prologue
                0x00000000        0x0 d:/new folder (3)/7.0/toolchain/avr8/avr8-gnu-toolchain/bin/../lib/gcc/avr/5.4.0/avr5\libgcc.a(_udivmodsi4.o)
 .text.libgcc.builtins
                0x00000000        0x0 d:/new folder (3)/7.0/toolchain/avr8/avr8-gnu-toolchain/bin/../lib/gcc/avr/5.4.0/avr5\libgcc.a(_udivmodsi4.o)
 .text.libgcc.fmul
                0x00000000        0x0 d:/new folder (3)/7.0/toolchain/avr8/avr8-gnu-toolchain/bin/../lib/gcc/avr/5.4.0/avr5\libgcc.a(_udivmodsi4.o)
 .text.libgcc.fixed
                0x00000000        0x0 d:/new folder (3)/7.0/toolchain/avr8/avr8-gnu-toolchain/bin/../lib/gcc/avr/5.4.0/avr5\libgcc.a(_udivmodsi4.o)
 .text          0x00000000        0x0 d:/new folder (3)/7.0/toolchain/avr8/avr8-gnu-toolchain/bin/../lib/gcc/avr/5.4.0/avr5\libgcc.a(_exit.o)
 .data          0x00000000        0x0 d:/new folder (3)/7.0/toolchain/avr8/avr8-gnu-toolchain/bin/../lib/gcc/avr/5.4.0/avr5\libgcc.a(_exit.o)
 .bss           0x00000000        0x0 d:/new folder (3)/7.0/toolchain/avr8/avr8-gnu-toolchain/bin/../lib/gcc/avr/5.4.0/avr5\libgcc.a(_exit.o)
 .text.libgcc.mul
                0x00000000        0x0 d:/new folder (3)/7.0/toolchain/avr8/avr8-gnu-toolchain/bin/../lib/gcc/avr/5.4.0/avr5\libgcc.a(_exit.o)
 .text.libgcc.div
                0x00000000        0x0 d:/new folder (3)/7.0/toolchain/avr8/avr8-gnu-toolchain/bin/../lib/gcc/avr/5.4.0/avr5\libgcc.a(_exit.o)
 .text.libgcc   0x00000000        0x0 d:/new folder (3)/7.0/toolchain/avr8/avr8-gnu-toolchain/bin/../lib/gcc/avr/5.4.0/avr5\libgcc.a(_exit.o)
 .text.libgcc.prologue
                0x00000000        0x0 d:/new folder (3)/7.0/toolchain/avr8/avr8-gnu-toolchain/bin/../lib/gcc/avr/5.4.0/avr5\libgcc.a(_exit.o)
 .text.libgcc.builtins
                0x00000000        0x0 d:/new folder (3)/7.0/toolchain/avr8/avr8-gnu-toolchain/bin/../lib/gcc/avr/5.4.0/avr5\libgcc.a(_exit.o)
 .text.libgcc.fmul
                0x00000000        0x0 d:/new folder (3)/7.0/toolchain/avr8/avr8-gnu-toolchain/bin/../lib/gcc/avr/5.4.0/avr5\libgcc.a(_exit.o)
 .text.libgcc.fixed
                0x00000000        0x0 d:/new folder (3)/7.0/toolchain/avr8/avr8-gnu-toolchain/bin/../lib/gcc/avr/5.4.0/avr5\libgcc.a(_exit.o)
 .text          0x00000000        0x0 d:/new folder (3)/7.0/toolchain/avr8/avr8-gnu-toolchain/bin/../lib/gcc/avr/5.4.0/avr5\libgcc.a(_copy_data.o)
 .data          0x00000000        0x0 d:/new folder (3)/7.0/toolchain/avr8/avr8-gnu-toolchain/bin/../lib/gcc/avr/5.4.0/avr5\libgcc.a(_copy_data.o)
 .bss           0x00000000        0x0 d:/new folder (3)/7.0/toolchain/avr8/avr8-gnu-toolchain/bin/../lib/gcc/avr/5.4.0/avr5\libgcc.a(_copy_data.o)
 .text.libgcc.mul
                0x00000000        0x0 d:/new folder (3)/7.0/toolchain/avr8/avr8-gnu-toolchain/bin/../lib/gcc/avr/5.4.0/avr5\libgcc.a(_copy_data.o)
 .text.libgcc.div
                0x00000000        0x0 d:/new folder (3)/7.0/toolchain/avr8/avr8-gnu-toolchain/bin/../lib/gcc/avr/5.4.0/avr5\libgcc.a(_copy_data.o)
 .text.libgcc   0x00000000        0x0 d:/new folder (3)/7.0/toolchain/avr8/avr8-gnu-toolchain/bin/../lib/gcc/avr/5.4.0/avr5\libgcc.a(_copy_data.o)
 .text.libgcc.prologue
                0x00000000        0x0 d:/new folder (3)/7.0/toolchain/avr8/avr8-gnu-toolchain/bin/../lib/gcc/avr/5.4.0/avr5\libgcc.a(_copy_data.o)
 .text.libgcc.builtins
                0x00000000        0x0 d:/new folder (3)/7.0/toolchain/avr8/avr8-gnu-toolchain/bin/../lib/gcc/avr/5.4.0/avr5\libgcc.a(_copy_data.o)
 .text.libgcc.fmul
                0x00000000        0x0 d:/new folder (3)/7.0/toolchain/avr8/avr8-gnu-toolchain/bin/../lib/gcc/avr/5.4.0/avr5\libgcc.a(_copy_data.o)
 .text.libgcc.fixed
                0x00000000        0x0 d:/new folder (3)/7.0/toolchain/avr8/avr8-gnu-toolchain/bin/../lib/gcc/avr/5.4.0/avr5\libgcc.a(_copy_data.o)
 .text          0x00000000        0x0 d:/new folder (3)/7.0/toolchain/avr8/avr8-gnu-toolchain/bin/../lib/gcc/avr/5.4.0/avr5\libgcc.a(_clear_bss.o)
 .data          0x00000000        0x0 d:/new folder (3)/7.0/toolchain/avr8/avr8-gnu-toolchain/bin/../lib/gcc/avr/5.4.0/avr5\libgcc.a(_clear_bss.o)
 .bss           0x00000000        0x0 d:/new folder (3)/7.0/toolchain/avr8/avr8-gnu-toolchain/bin/../lib/gcc/avr/5.4.0/avr5\libgcc.a(_clear_bss.o)
 .text.libgcc.mul
                0x00000000        0x0 d:/new folder (3)/7.0/toolchain/avr8/avr8-gnu-toolchain/bin/../lib/gcc/avr/5.4.0/avr5\libgcc.a(_clear_bss.o)
 .text.libgcc.div
                0x00000000        0x0 d:/new folder (3)/7.0/toolchain/avr8/avr8-gnu-toolchain/bin/../lib/gcc/avr/5.4.0/avr5\libgcc.a(_clear_bss.o)
 .text.libgcc   0x00000000        0x0 d:/new folder (3)/7.0/toolchain/avr8/avr8-gnu-toolchain/bin/../lib/gcc/avr/5.4.0/avr5\libgcc.a(_clear_bss.o)
 .text.libgcc.prologue
                0x00000000        0x0 d:/new folder (3)/7.0/toolchain/avr8/avr8-gnu-toolchain/bin/../lib/gcc/avr/5.4.0/avr5\libgcc.a(_clear_bss.o)
 .text.libgcc.builtins
                0x00000000        0x0 d:/new folder (3)/7.0/toolchain/avr8/avr8-gnu-toolchain/bin/../lib/gcc/avr/5.4.0/avr5\libgcc.a(_clear_bss.o)
 .text.libgcc.fmul
                0x00000000        0x0 d:/new folder (3)/7.0/toolchain/avr8/avr8-gnu-toolchain/bin/../lib/gcc/avr/5.4.0/avr5\libgcc.a(_clear_bss.o)
 .text.libgcc.fixed
                0x00000000        0x0 d:/new folder (3)/7.0/toolchain/avr8/avr8-gnu-toolchain/bin/../lib/gcc/avr/5.4.0/avr5\libgcc.a(_clear_bss.o)

Memory Configuration

Name             Origin             Length             Attributes
text             0x00000000         0x00008000         xr
data             0x00800060         0x00000800         rw !x
eeprom           0x00810000         0x00000400         rw !x
fuse             0x00820000         0x00000002         rw !x
lock             0x00830000         0x00000400         rw !x
signature        0x00840000         0x00000400         rw !x
user_signatures  0x00850000         0x00000400         rw !x
*default*        0x00000000         0xffffffff

Linker script and memory map

LOAD D:/New folder (3)/7.0/Packs/atmel/ATmega_DFP/1.7.374/gcc/dev/atmega32/avr5/crtatmega32.o
LOAD APP/App.o
LOAD APP/main.o
LOAD HAL/KPD/KPD_prog.o
LOAD HAL/LCD/LCD_prog.o
LOAD HAL/LED/LED_prog.o
LOAD MCAL/ADC/ADC_prog.o
LOAD MCAL/DIO/DIO_prog.o
LOAD MCAL/EXTI/EXTI_prog.o
LOAD MCAL/GI/GI_prog.o
START GROUP
LOAD d:/new folder (3)/7.0/toolchain/avr8/avr8-gnu-toolchain/bin/../lib/gcc/avr/5.4.0/../../../../avr/lib/avr5\libm.a
END GROUP
START GROUP
LOAD d:/new folder (3)/7.0/toolchain/avr8/avr8-gnu-toolchain/bin/../lib/gcc/avr/5.4.0/avr5\libgcc.a
LOAD d:/new folder (3)/7.0/toolchain/avr8/avr8-gnu-toolchain/bin/../lib/gcc/avr/5.4.0/../../../../avr/lib/avr5\libm.a
LOAD d:/new folder (3)/7.0/toolchain/avr8/avr8-gnu-toolchain/bin/../lib/gcc/avr/5.4.0/../../../../avr/lib/avr5\libc.a
LOAD D:/New folder (3)/7.0/Packs/atmel/ATmega_DFP/1.7.374/gcc/dev/atmega32/avr5\libatmega32.a
END GROUP
                0x00000000                __TEXT_REGION_ORIGIN__ = DEFINED (__TEXT_REGION_ORIGIN__)?__TEXT_REGION_ORIGIN__:0x0
                [0x00800060]                __DATA_REGION_ORIGIN__ = DEFINED (__DATA_REGION_ORIGIN__)?__DATA_REGION_ORIGIN__:0x800060
                [0x00008000]                __TEXT_REGION_LENGTH__ = DEFINED (__TEXT_REGION_LENGTH__)?__TEXT_REGION_LENGTH__:0x20000
                [0x00000800]                __DATA_REGION_LENGTH__ = DEFINED (__DATA_REGION_LENGTH__)?__DATA_REGION_LENGTH__:0xffa0
                [0x00000400]                __EEPROM_REGION_LENGTH__ = DEFINED (__EEPROM_REGION_LENGTH__)?__EEPROM_REGION_LENGTH__:0x10000
                [0x00000002]                __FUSE_REGION_LENGTH__ = DEFINED (__FUSE_REGION_LENGTH__)?__FUSE_REGION_LENGTH__:0x400
                0x00000400                __LOCK_REGION_LENGTH__ = DEFINED (__LOCK_REGION_LENGTH__)?__LOCK_REGION_LENGTH__:0x400
                0x00000400                __SIGNATURE_REGION_LENGTH__ = DEFINED (__SIGNATURE_REGION_LENGTH__)?__SIGNATURE_REGION_LENGTH__:0x400
                0x00000400                __USER_SIGNATURE_REGION_LENGTH__ = DEFINED (__USER_SIGNATURE_REGION_LENGTH__)?__USER_SIGNATURE_REGION_LENGTH__:0x400

.hash
 *(.hash)

.dynsym
 *(.dynsym)

.dynstr
 *(.dynstr)

.gnu.version
 *(.gnu.version)

.gnu.version_d
 *(.gnu.version_d)

.gnu.version_r
 *(.gnu.version_r)

.rel.init
 *(.rel.init)

.rela.init
 *(.rela.init)

.rel.text
 *(.rel.text)
 *(.rel.text.*)
 *(.rel.gnu.linkonce.t*)

.rela.text
 *(.rela.text)
 *(.rela.text.*)
 *(.rela.gnu.linkonce.t*)

.rel.fini
 *(.rel.fini)

.rela.fini
 *(.rela.fini)

.rel.rodata
 *(.rel.rodata)
 *(.rel.rodata.*)
 *(.rel.gnu.linkonce.r*)

.rela.rodata
 *(.rela.rodata)
 *(.rela.rodata.*)
 *(.rela.gnu.linkonce.r*)

.rel.data
 *(.rel.data)
 *(.rel.data.*)
 *(.rel.gnu.linkonce.d*)

.rela.data
 *(.rela.data)
 *(.rela.data.*)
 *(.rela.gnu.linkonce.d*)

.rel.ctors
 *(.rel.ctors)

.rela.ctors
 *(.rela.ctors)

.rel.dtors
 *(.rel.dtors)

.rela.dtors
 *(.rela.dtors)

.rel.got
 *(.rel.got)

.rela.got
 *(.rela.got)

.rel.bss
 *(.rel.bss)

.rela.bss
 *(.rela.bss)

.rel.plt
 *(.rel.plt)

.rela.plt
 *(.rela.plt)

.text           0x00000000     0x1068
 *(.vectors)
 .vectors       0x00000000       0x54 D:/New folder (3)/7.0/Packs/atmel/ATmega_DFP/1.7.374/gcc/dev/atmega32/avr5/crtatmega32.o
                0x00000000                __vector_default
                0x00000000                __vectors
 *(.vectors)
 *(.progmem.gcc*)
                0x00000054                . = ALIGN (0x2)
                0x00000054                __trampolines_start = .
 *(.trampolines)
 .trampolines   0x00000054        0x0 linker stubs
 *(.trampolines*)
                0x00000054                __trampolines_end = .
 *libprintf_flt.a:*(.progmem.data)
 *libc.a:*(.progmem.data)
 *(.progmem*)
                0x00000054                . = ALIGN (0x2)
 *(.jumptables)
 *(.jumptables*)
 *(.lowtext)
 *(.lowtext*)
                0x00000054                __ctors_start = .
 *(.ctors)
                0x00000054                __ctors_end = .
                0x00000054                __dtors_start = .
 *(.dtors)
                0x00000054                __dtors_end = .
 SORT(*)(.ctors)
 SORT(*)(.dtors)
 *(.init0)
 .init0         0x00000054        0x0 D:/New folder (3)/7.0/Packs/atmel/ATmega_DFP/1.7.374/gcc/dev/atmega32/avr5/crtatmega32.o
                0x00000054                __init
 *(.init0)
 *(.init1)
 *(.init1)
 *(.init2)
 .init2         0x00000054        0xc D:/New folder (3)/7.0/Packs/atmel/ATmega_DFP/1.7.374/gcc/dev/atmega32/avr5/crtatmega32.o
 *(.init2)
 *(.init3)
 *(.init3)
 *(.init4)
 .init4         0x00000060       0x16 d:/new folder (3)/7.0/toolchain/avr8/avr8-gnu-toolchain/bin/../lib/gcc/avr/5.4.0/avr5\libgcc.a(_copy_data.o)
                0x00000060                __do_copy_data
 .init4         0x00000076       0x10 d:/new folder (3)/7.0/toolchain/avr8/avr8-gnu-toolchain/bin/../lib/gcc/avr/5.4.0/avr5\libgcc.a(_clear_bss.o)
                0x00000076                __do_clear_bss
 *(.init4)
 *(.init5)
 *(.init5)
 *(.init6)
 *(.init6)
 *(.init7)
 *(.init7)
 *(.init8)
 *(.init8)
 *(.init9)
 .init9         0x00000086        0x8 D:/New folder (3)/7.0/Packs/atmel/ATmega_DFP/1.7.374/gcc/dev/atmega32/avr5/crtatmega32.o
 *(.init9)
 *(.text)
 .text          0x0000008e        0x4 D:/New folder (3)/7.0/Packs/atmel/ATmega_DFP/1.7.374/gcc/dev/atmega32/avr5/crtatmega32.o
                0x0000008e                __vector_1
                0x0000008e                __vector_12
                0x0000008e                __bad_interrupt
                0x0000008e                __vector_6
                0x0000008e                __vector_11
                0x0000008e                __vector_13
                0x0000008e                __vector_17
                0x0000008e                __vector_19
                0x0000008e                __vector_7
                0x0000008e                __vector_5
                0x0000008e                __vector_4
                0x0000008e                __vector_9
                0x0000008e                __vector_2
                0x0000008e                __vector_15
                0x0000008e                __vector_8
                0x0000008e                __vector_14
                0x0000008e                __vector_10
                0x0000008e                __vector_16
                0x0000008e                __vector_18
                0x0000008e                __vector_20
                0x00000092                . = ALIGN (0x2)
 *(.text.*)
 .text.APP_u8CkeckPass
                0x00000092       0x38 APP/App.o
                0x00000092                APP_u8CkeckPass
 .text.APP      0x000000ca       0x30 APP/App.o
                0x000000ca                APP
 .text.main     0x000000fa      0x2f2 APP/main.o
                0x000000fa                main
 .text.KPD_voidInit
                0x000003ec       0xa2 HAL/KPD/KPD_prog.o
                0x000003ec                KPD_voidInit
 .text.KPD_u8GetKey
                0x0000048e      0x26a HAL/KPD/KPD_prog.o
                0x0000048e                KPD_u8GetKey
 .text.LCD_voidSHD
                0x000006f8       0x64 HAL/LCD/LCD_prog.o
 .text.LCD_voidSendEnablePulse
                0x0000075c       0x22 HAL/LCD/LCD_prog.o
 .text.LCD_voidSendData
                0x0000077e       0x34 HAL/LCD/LCD_prog.o
                0x0000077e                LCD_voidSendData
 .text.LCD_voidSendCommand
                0x000007b2       0x34 HAL/LCD/LCD_prog.o
                0x000007b2                LCD_voidSendCommand
 .text.LCD_voidInit
                0x000007e6       0x3e HAL/LCD/LCD_prog.o
                0x000007e6                LCD_voidInit
 .text.LCD_voidSendString
                0x00000824       0x26 HAL/LCD/LCD_prog.o
                0x00000824                LCD_voidSendString
 .text.LCD_voidGoToxy
                0x0000084a       0x10 HAL/LCD/LCD_prog.o
                0x0000084a                LCD_voidGoToxy
 .text.LCD_voidSendNumber
                0x0000085a       0x94 HAL/LCD/LCD_prog.o
                0x0000085a                LCD_voidSendNumber
 .text.LED_voidLedOn
                0x000008ee       0x1e HAL/LED/LED_prog.o
                0x000008ee                LED_voidLedOn
 .text.LED_voidLedOff
                0x0000090c       0x1e HAL/LED/LED_prog.o
                0x0000090c                LED_voidLedOff
 .text.ADC_voidInit
                0x0000092a       0x20 MCAL/ADC/ADC_prog.o
                0x0000092a                ADC_voidInit
 .text.ADC_u16ReadChannel
                0x0000094a       0x1c MCAL/ADC/ADC_prog.o
                0x0000094a                ADC_u16ReadChannel
 .text.DIO_voidSetPinDir
                0x00000966       0xe0 MCAL/DIO/DIO_prog.o
                0x00000966                DIO_voidSetPinDir
 .text.DIO_voidSetPinVal
                0x00000a46       0xe0 MCAL/DIO/DIO_prog.o
                0x00000a46                DIO_voidSetPinVal
 .text.DIO_u8ReadPinVal
                0x00000b26       0x5c MCAL/DIO/DIO_prog.o
                0x00000b26                DIO_u8ReadPinVal
 .text.DIO_voidSetPortDir
                0x00000b82       0x20 MCAL/DIO/DIO_prog.o
                0x00000b82                DIO_voidSetPortDir
 .text.EXTI_voidInit
                0x00000ba2       0xb6 MCAL/EXTI/EXTI_prog.o
                0x00000ba2                EXTI_voidInit
 .text.EXTI2_voidEnabel
                0x00000c58        0x8 MCAL/EXTI/EXTI_prog.o
                0x00000c58                EXTI2_voidEnabel
 .text.EXTI_voidSetCallBack
                0x00000c60        0xa MCAL/EXTI/EXTI_prog.o
                0x00000c60                EXTI_voidSetCallBack
 .text.__vector_3
                0x00000c6a       0x4e MCAL/EXTI/EXTI_prog.o
                0x00000c6a                __vector_3
 .text.GI_voidEnable
                0x00000cb8        0x8 MCAL/GI/GI_prog.o
                0x00000cb8                GI_voidEnable
 .text.avr-libc.fplib
                0x00000cc0        0x8 d:/new folder (3)/7.0/toolchain/avr8/avr8-gnu-toolchain/bin/../lib/gcc/avr/5.4.0/../../../../avr/lib/avr5\libm.a(divsf3.o)
                0x00000cc0                __divsf3
 .text.avr-libc.fplib
                0x00000cc8       0xdc d:/new folder (3)/7.0/toolchain/avr8/avr8-gnu-toolchain/bin/../lib/gcc/avr/5.4.0/../../../../avr/lib/avr5\libm.a(divsf3x.o)
                0x00000ce8                __divsf3x
                0x00000cee                __divsf3_pse
 .text.avr-libc.fplib
                0x00000da4       0x5e d:/new folder (3)/7.0/toolchain/avr8/avr8-gnu-toolchain/bin/../lib/gcc/avr/5.4.0/../../../../avr/lib/avr5\libm.a(fixunssfsi.o)
                0x00000da4                __fixunssfsi
 .text.avr-libc.fplib
                0x00000e02       0x7a d:/new folder (3)/7.0/toolchain/avr8/avr8-gnu-toolchain/bin/../lib/gcc/avr/5.4.0/../../../../avr/lib/avr5\libm.a(floatsisf.o)
                0x00000e02                __floatunsisf
                0x00000e06                __floatsisf
 .text.avr-libc.fplib
                0x00000e7c        0xc d:/new folder (3)/7.0/toolchain/avr8/avr8-gnu-toolchain/bin/../lib/gcc/avr/5.4.0/../../../../avr/lib/avr5\libm.a(fp_inf.o)
                0x00000e7c                __fp_inf
 .text.avr-libc.fplib
                0x00000e88        0x6 d:/new folder (3)/7.0/toolchain/avr8/avr8-gnu-toolchain/bin/../lib/gcc/avr/5.4.0/../../../../avr/lib/avr5\libm.a(fp_nan.o)
                0x00000e88                __fp_nan
 .text.avr-libc.fplib
                0x00000e8e        0xe d:/new folder (3)/7.0/toolchain/avr8/avr8-gnu-toolchain/bin/../lib/gcc/avr/5.4.0/../../../../avr/lib/avr5\libm.a(fp_pscA.o)
                0x00000e8e                __fp_pscA
 .text.avr-libc.fplib
                0x00000e9c        0xe d:/new folder (3)/7.0/toolchain/avr8/avr8-gnu-toolchain/bin/../lib/gcc/avr/5.4.0/../../../../avr/lib/avr5\libm.a(fp_pscB.o)
                0x00000e9c                __fp_pscB
 .text.avr-libc.fplib
                0x00000eaa       0x22 d:/new folder (3)/7.0/toolchain/avr8/avr8-gnu-toolchain/bin/../lib/gcc/avr/5.4.0/../../../../avr/lib/avr5\libm.a(fp_round.o)
                0x00000eaa                __fp_round
 .text.avr-libc.fplib
                0x00000ecc       0x44 d:/new folder (3)/7.0/toolchain/avr8/avr8-gnu-toolchain/bin/../lib/gcc/avr/5.4.0/../../../../avr/lib/avr5\libm.a(fp_split3.o)
                0x00000ecc                __fp_split3
                0x00000edc                __fp_splitA
 .text.avr-libc.fplib
                0x00000f10        0xe d:/new folder (3)/7.0/toolchain/avr8/avr8-gnu-toolchain/bin/../lib/gcc/avr/5.4.0/../../../../avr/lib/avr5\libm.a(fp_zero.o)
                0x00000f10                __fp_zero
                0x00000f12                __fp_szero
 .text.avr-libc.fplib
                0x00000f1e        0x8 d:/new folder (3)/7.0/toolchain/avr8/avr8-gnu-toolchain/bin/../lib/gcc/avr/5.4.0/../../../../avr/lib/avr5\libm.a(mulsf3.o)
                0x00000f1e                __mulsf3
 .text.avr-libc.fplib
                0x00000f26       0xd2 d:/new folder (3)/7.0/toolchain/avr8/avr8-gnu-toolchain/bin/../lib/gcc/avr/5.4.0/../../../../avr/lib/avr5\libm.a(mulsf3x.o)
                0x00000f44                __mulsf3x
                0x00000f4a                __mulsf3_pse
 .text.libgcc.div
                0x00000ff8       0x28 d:/new folder (3)/7.0/toolchain/avr8/avr8-gnu-toolchain/bin/../lib/gcc/avr/5.4.0/avr5\libgcc.a(_udivmodhi4.o)
                0x00000ff8                __udivmodhi4
 .text.libgcc.div
                0x00001020       0x44 d:/new folder (3)/7.0/toolchain/avr8/avr8-gnu-toolchain/bin/../lib/gcc/avr/5.4.0/avr5\libgcc.a(_udivmodsi4.o)
                0x00001020                __udivmodsi4
                0x00001064                . = ALIGN (0x2)
 *(.fini9)
 .fini9         0x00001064        0x0 d:/new folder (3)/7.0/toolchain/avr8/avr8-gnu-toolchain/bin/../lib/gcc/avr/5.4.0/avr5\libgcc.a(_exit.o)
                0x00001064                _exit
                0x00001064                exit
 *(.fini9)
 *(.fini8)
 *(.fini8)
 *(.fini7)
 *(.fini7)
 *(.fini6)
 *(.fini6)
 *(.fini5)
 *(.fini5)
 *(.fini4)
 *(.fini4)
 *(.fini3)
 *(.fini3)
 *(.fini2)
 *(.fini2)
 *(.fini1)
 *(.fini1)
 *(.fini0)
 .fini0         0x00001064        0x4 d:/new folder (3)/7.0/toolchain/avr8/avr8-gnu-toolchain/bin/../lib/gcc/avr/5.4.0/avr5\libgcc.a(_exit.o)
 *(.fini0)
                0x00001068                _etext = .

.data           0x00800060       0x76 load address 0x00001068
                0x00800060                PROVIDE (__data_start, .)
 *(.data)
 *(.data*)
 *(.gnu.linkonce.d*)
 *(.rodata)
 *(.rodata*)
 .rodata.str1.1
                0x00800060        0xa APP/App.o
 .rodata.PASSWORD
                0x0080006a        0x4 APP/App.o
 .rodata.str1.1
                0x0080006e       0x67 APP/main.o
 *(.gnu.linkonce.r*)
                0x008000d6                . = ALIGN (0x2)
 *fill*         0x008000d5        0x1 
                0x008000d6                _edata = .
                0x008000d6                PROVIDE (__data_end, .)

.bss            0x008000d6        0xb
                0x008000d6                PROVIDE (__bss_start, .)
 *(.bss)
 *(.bss*)
 .bss.check.1817
                0x008000d6        0x1 APP/App.o
 .bss.temp.1818
                0x008000d7        0x2 APP/main.o
 .bss.light.1817
                0x008000d9        0x2 APP/main.o
 .bss.password.1816
                0x008000db        0x4 APP/main.o
 .bss.EXTI2_PTR
                0x008000df        0x2 MCAL/EXTI/EXTI_prog.o
                0x008000df                EXTI2_PTR
 *(COMMON)
                0x008000e1                PROVIDE (__bss_end, .)
                0x00001068                __data_load_start = LOADADDR (.data)
                0x000010de                __data_load_end = (__data_load_start + SIZEOF (.data))

.noinit         0x008000e1        0x0
                [!provide]                PROVIDE (__noinit_start, .)
 *(.noinit*)
                [!provide]                PROVIDE (__noinit_end, .)
                0x008000e1                _end = .
                [!provide]                PROVIDE (__heap_start, .)

.eeprom         0x00810000        0x0
 *(.eeprom*)
                0x00810000                __eeprom_end = .

.fuse
 *(.fuse)
 *(.lfuse)
 *(.hfuse)
 *(.efuse)

.lock
 *(.lock*)

.signature
 *(.signature*)

.user_signatures
 *(.user_signatures*)

.stab
 *(.stab)

.stabstr
 *(.stabstr)

.stab.excl
 *(.stab.excl)

.stab.exclstr
 *(.stab.exclstr)

.stab.index
 *(.stab.index)

.stab.indexstr
 *(.stab.indexstr)

.comment        0x00000000       0x30
 *(.comment)
 .comment       0x00000000       0x30 APP/App.o
                                 0x31 (size before relaxing)
 .comment       0x00000030       0x31 APP/main.o
 .comment       0x00000030       0x31 HAL/KPD/KPD_prog.o
 .comment       0x00000030       0x31 HAL/LCD/LCD_prog.o
 .comment       0x00000030       0x31 HAL/LED/LED_prog.o
 .comment       0x00000030       0x31 MCAL/ADC/ADC_prog.o
 .comment       0x00000030       0x31 MCAL/DIO/DIO_prog.o
 .comment       0x00000030       0x31 MCAL/EXTI/EXTI_prog.o
 .comment       0x00000030       0x31 MCAL/GI/GI_prog.o

.note.gnu.avr.deviceinfo
                0x00000000       0x3c
 .note.gnu.avr.deviceinfo
                0x00000000       0x3c D:/New folder (3)/7.0/Packs/atmel/ATmega_DFP/1.7.374/gcc/dev/atmega32/avr5/crtatmega32.o

.note.gnu.build-id
 *(.note.gnu.build-id)

.debug
 *(.debug)

.line
 *(.line)

.debug_srcinfo
 *(.debug_srcinfo)

.debug_sfnames
 *(.debug_sfnames)

.debug_aranges  0x00000000      0x1f8
 *(.debug_aranges)
 .debug_aranges
                0x00000000       0x28 APP/App.o
 .debug_aranges
                0x00000028       0x20 APP/main.o
 .debug_aranges
                0x00000048       0x28 HAL/KPD/KPD_prog.o
 .debug_aranges
                0x00000070       0x60 HAL/LCD/LCD_prog.o
 .debug_aranges
                0x000000d0       0x30 HAL/LED/LED_prog.o
 .debug_aranges
                0x00000100       0x28 MCAL/ADC/ADC_prog.o
 .debug_aranges
                0x00000128       0x48 MCAL/DIO/DIO_prog.o
 .debug_aranges
                0x00000170       0x60 MCAL/EXTI/EXTI_prog.o
 .debug_aranges
                0x000001d0       0x28 MCAL/GI/GI_prog.o

.debug_pubnames
 *(.debug_pubnames)

.debug_info     0x00000000     0x238d
 *(.debug_info .gnu.linkonce.wi.*)
 .debug_info    0x00000000      0x4e6 D:/New folder (3)/7.0/Packs/atmel/ATmega_DFP/1.7.374/gcc/dev/atmega32/avr5/crtatmega32.o
 .debug_info    0x000004e6      0x1ec APP/App.o
 .debug_info    0x000006d2      0x823 APP/main.o
 .debug_info    0x00000ef5      0x7a7 HAL/KPD/KPD_prog.o
 .debug_info    0x0000169c      0x619 HAL/LCD/LCD_prog.o
 .debug_info    0x00001cb5      0x1f5 HAL/LED/LED_prog.o
 .debug_info    0x00001eaa       0xc4 MCAL/ADC/ADC_prog.o
 .debug_info    0x00001f6e      0x1e9 MCAL/DIO/DIO_prog.o
 .debug_info    0x00002157      0x192 MCAL/EXTI/EXTI_prog.o
 .debug_info    0x000022e9       0xa4 MCAL/GI/GI_prog.o

.debug_abbrev   0x00000000      0xc27
 *(.debug_abbrev)
 .debug_abbrev  0x00000000      0x4a3 D:/New folder (3)/7.0/Packs/atmel/ATmega_DFP/1.7.374/gcc/dev/atmega32/avr5/crtatmega32.o
 .debug_abbrev  0x000004a3      0x100 APP/App.o
 .debug_abbrev  0x000005a3      0x164 APP/main.o
 .debug_abbrev  0x00000707       0xc0 HAL/KPD/KPD_prog.o
 .debug_abbrev  0x000007c7      0x1b3 HAL/LCD/LCD_prog.o
 .debug_abbrev  0x0000097a       0x8d HAL/LED/LED_prog.o
 .debug_abbrev  0x00000a07       0x6d MCAL/ADC/ADC_prog.o
 .debug_abbrev  0x00000a74       0xa9 MCAL/DIO/DIO_prog.o
 .debug_abbrev  0x00000b1d       0xc6 MCAL/EXTI/EXTI_prog.o
 .debug_abbrev  0x00000be3       0x44 MCAL/GI/GI_prog.o

.debug_line     0x00000000     0x122c
 *(.debug_line .debug_line.* .debug_line_end)
 .debug_line    0x00000000      0x116 D:/New folder (3)/7.0/Packs/atmel/ATmega_DFP/1.7.374/gcc/dev/atmega32/avr5/crtatmega32.o
 .debug_line    0x00000116      0x110 APP/App.o
 .debug_line    0x00000226      0x3f2 APP/main.o
 .debug_line    0x00000618      0x2c9 HAL/KPD/KPD_prog.o
 .debug_line    0x000008e1      0x36a HAL/LCD/LCD_prog.o
 .debug_line    0x00000c4b       0xe9 HAL/LED/LED_prog.o
 .debug_line    0x00000d34       0xbe MCAL/ADC/ADC_prog.o
 .debug_line    0x00000df2      0x1e2 MCAL/DIO/DIO_prog.o
 .debug_line    0x00000fd4      0x1d7 MCAL/EXTI/EXTI_prog.o
 .debug_line    0x000011ab       0x81 MCAL/GI/GI_prog.o

.debug_frame    0x00000000      0x3dc
 *(.debug_frame)
 .debug_frame   0x00000000       0x34 APP/App.o
 .debug_frame   0x00000034       0x24 APP/main.o
 .debug_frame   0x00000058       0x3c HAL/KPD/KPD_prog.o
 .debug_frame   0x00000094      0x118 HAL/LCD/LCD_prog.o
 .debug_frame   0x000001ac       0x68 HAL/LED/LED_prog.o
 .debug_frame   0x00000214       0x34 MCAL/ADC/ADC_prog.o
 .debug_frame   0x00000248       0x74 MCAL/DIO/DIO_prog.o
 .debug_frame   0x000002bc       0xec MCAL/EXTI/EXTI_prog.o
 .debug_frame   0x000003a8       0x34 MCAL/GI/GI_prog.o

.debug_str      0x00000000      0x771
 *(.debug_str)
 .debug_str     0x00000000      0x196 D:/New folder (3)/7.0/Packs/atmel/ATmega_DFP/1.7.374/gcc/dev/atmega32/avr5/crtatmega32.o
 .debug_str     0x00000196      0x1ec APP/App.o
                                0x220 (size before relaxing)
 .debug_str     0x00000382      0x16e APP/main.o
                                0x366 (size before relaxing)
 .debug_str     0x000004f0       0x23 HAL/KPD/KPD_prog.o
                                0x215 (size before relaxing)
 .debug_str     0x00000513       0xd2 HAL/LCD/LCD_prog.o
                                0x33c (size before relaxing)
 .debug_str     0x000005e5       0x55 HAL/LED/LED_prog.o
                                0x223 (size before relaxing)
 .debug_str     0x0000063a       0x26 MCAL/ADC/ADC_prog.o
                                0x1d3 (size before relaxing)
 .debug_str     0x00000660       0x4a MCAL/DIO/DIO_prog.o
                                0x24c (size before relaxing)
 .debug_str     0x000006aa       0xa3 MCAL/EXTI/EXTI_prog.o
                                0x264 (size before relaxing)
 .debug_str     0x0000074d       0x24 MCAL/GI/GI_prog.o
                                0x1bf (size before relaxing)

.debug_loc      0x00000000      0xda8
 *(.debug_loc)
 .debug_loc     0x00000000       0x47 APP/App.o
 .debug_loc     0x00000047      0x13f APP/main.o
 .debug_loc     0x00000186       0x22 HAL/KPD/KPD_prog.o
 .debug_loc     0x000001a8      0x571 HAL/LCD/LCD_prog.o
 .debug_loc     0x00000719      0x195 HAL/LED/LED_prog.o
 .debug_loc     0x000008ae       0x21 MCAL/ADC/ADC_prog.o
 .debug_loc     0x000008cf      0x30c MCAL/DIO/DIO_prog.o
 .debug_loc     0x00000bdb      0x1cd MCAL/EXTI/EXTI_prog.o

.debug_macinfo
 *(.debug_macinfo)

.debug_weaknames
 *(.debug_weaknames)

.debug_funcnames
 *(.debug_funcnames)

.debug_typenames
 *(.debug_typenames)

.debug_varnames
 *(.debug_varnames)

.debug_pubtypes
 *(.debug_pubtypes)

.debug_ranges   0x00000000      0x168
 *(.debug_ranges)
 .debug_ranges  0x00000000       0x18 APP/App.o
 .debug_ranges  0x00000018       0x10 APP/main.o
 .debug_ranges  0x00000028       0x18 HAL/KPD/KPD_prog.o
 .debug_ranges  0x00000040       0x50 HAL/LCD/LCD_prog.o
 .debug_ranges  0x00000090       0x20 HAL/LED/LED_prog.o
 .debug_ranges  0x000000b0       0x18 MCAL/ADC/ADC_prog.o
 .debug_ranges  0x000000c8       0x38 MCAL/DIO/DIO_prog.o
 .debug_ranges  0x00000100       0x50 MCAL/EXTI/EXTI_prog.o
 .debug_ranges  0x00000150       0x18 MCAL/GI/GI_prog.o

.debug_macro
 *(.debug_macro)
OUTPUT(Smart_Home.elf elf32-avr)
LOAD linker stubs
